   Γû▓ Next.js 15.5.12
   - Environments: .env.local

   Creating an optimized production build ...
node.exe : Failed to 
compile.
At line:1 char:1
+ & "C:\Program Files\
nodejs/node.exe" 
"C:\Program 
Files\nodejs/node_mo 
...
+ ~~~~~~~~~~~~~~~~~~~~
~~~~~~~~~~~~~~~~~~~~~~
~~~~~~~~~~~~~~~~~~~~~~
~~~~~
    + CategoryInfo    
          : NotSpeci  
  fied: (Failed to    
 compile.:String)     
[], RemoteExcepti    
on
    + FullyQualifiedE 
   rrorId : NativeCo  
  mmandError
 

./src/app/globals.css.
webpack[javascript/aut
o]!=!./node_modules/ne
xt/dist/build/webpack/
loaders/css-loader/src
/index.js??ruleSet[1].
rules[14].oneOf[10].us
e[2]!./node_modules/ne
xt/dist/build/webpack/
loaders/postcss-loader
/src/index.js??ruleSet
[1].rules[14].oneOf[10
].use[3]!./src/app/glo
bals.css
Error: It looks like 
you're trying to use 
`tailwindcss` 
directly as a PostCSS 
plugin. The PostCSS 
plugin has moved to a 
separate package, so 
to continue using 
Tailwind CSS with 
PostCSS you'll need 
to install `@tailwindc
ss/postcss` and 
update your PostCSS 
configuration.
    at at (C:\Users\ma
gha\SIIITE\node_module
s\tailwindcss\dist\lib
.js:38:1643)
    at 
LazyResult.runOnRoot (
C:\Users\magha\SIIITE\
node_modules\next\node
_modules\postcss\lib\l
azy-result.js:329:16)
    at 
LazyResult.runAsync (C
:\Users\magha\SIIITE\n
ode_modules\next\node_
modules\postcss\lib\la
zy-result.js:258:26)
    at 
LazyResult.async (C:\U
sers\magha\SIIITE\node
_modules\next\node_mod
ules\postcss\lib\lazy-
result.js:160:30)
    at 
LazyResult.then (C:\Us
ers\magha\SIIITE\node_
modules\next\node_modu
les\postcss\lib\lazy-r
esult.js:404:17)

Import trace for 
requested module:
./src/app/globals.css.
webpack[javascript/aut
o]!=!./node_modules/ne
xt/dist/build/webpack/
loaders/css-loader/src
/index.js??ruleSet[1].
rules[14].oneOf[10].us
e[2]!./node_modules/ne
xt/dist/build/webpack/
loaders/postcss-loader
/src/index.js??ruleSet
[1].rules[14].oneOf[10
].use[3]!./src/app/glo
bals.css
./src/app/globals.css

./src/app/globals.css
Error: It looks like 
you're trying to use 
`tailwindcss` 
directly as a PostCSS 
plugin. The PostCSS 
plugin has moved to a 
separate package, so 
to continue using 
Tailwind CSS with 
PostCSS you'll need 
to install `@tailwindc
ss/postcss` and 
update your PostCSS 
configuration.
    at at (C:\Users\ma
gha\SIIITE\node_module
s\tailwindcss\dist\lib
.js:38:1643)
    at 
LazyResult.runOnRoot (
C:\Users\magha\SIIITE\
node_modules\next\node
_modules\postcss\lib\l
azy-result.js:329:16)
    at 
LazyResult.runAsync (C
:\Users\magha\SIIITE\n
ode_modules\next\node_
modules\postcss\lib\la
zy-result.js:258:26)
    at 
LazyResult.async (C:\U
sers\magha\SIIITE\node
_modules\next\node_mod
ules\postcss\lib\lazy-
result.js:160:30)
    at 
LazyResult.then (C:\Us
ers\magha\SIIITE\node_
modules\next\node_modu
les\postcss\lib\lazy-r
esult.js:404:17)
    at 
tryRunOrWebpackError (
C:\Users\magha\SIIITE\
node_modules\next\dist
\compiled\webpack\bund
le5.js:29:316119)
    at __webpack_requi
re_module__ (C:\Users\
magha\SIIITE\node_modu
les\next\dist\compiled
\webpack\bundle5.js:29
:131532)
    at __nested_webpac
k_require_161494__ (C:
\Users\magha\SIIITE\no
de_modules\next\dist\c
ompiled\webpack\bundle
5.js:29:130967)
    at C:\Users\magha\
SIIITE\node_modules\ne
xt\dist\compiled\webpa
ck\bundle5.js:29:13182
4
    at symbolIterator 
(C:\Users\magha\SIIITE
\node_modules\next\dis
t\compiled\neo-async\a
sync.js:1:14444)
    at done (C:\Users\
magha\SIIITE\node_modu
les\next\dist\compiled
\neo-async\async.js:1:
14824)
    at Hook.eval [as 
callAsync] (eval at 
create (C:\Users\magha
\SIIITE\node_modules\n
ext\dist\compiled\webp
ack\bundle5.js:14:9224
), <anonymous>:15:1)
    at Hook.CALL_ASYNC
_DELEGATE [as 
_callAsync] (C:\Users\
magha\SIIITE\node_modu
les\next\dist\compiled
\webpack\bundle5.js:14
:6378)
    at C:\Users\magha\
SIIITE\node_modules\ne
xt\dist\compiled\webpa
ck\bundle5.js:29:13068
7
    at symbolIterator 
(C:\Users\magha\SIIITE
\node_modules\next\dis
t\compiled\neo-async\a
sync.js:1:14402)
-- inner error --
Error: It looks like 
you're trying to use 
`tailwindcss` 
directly as a PostCSS 
plugin. The PostCSS 
plugin has moved to a 
separate package, so 
to continue using 
Tailwind CSS with 
PostCSS you'll need 
to install `@tailwindc
ss/postcss` and 
update your PostCSS 
configuration.
    at at (C:\Users\ma
gha\SIIITE\node_module
s\tailwindcss\dist\lib
.js:38:1643)
    at 
LazyResult.runOnRoot (
C:\Users\magha\SIIITE\
node_modules\next\node
_modules\postcss\lib\l
azy-result.js:329:16)
    at 
LazyResult.runAsync (C
:\Users\magha\SIIITE\n
ode_modules\next\node_
modules\postcss\lib\la
zy-result.js:258:26)
    at 
LazyResult.async (C:\U
sers\magha\SIIITE\node
_modules\next\node_mod
ules\postcss\lib\lazy-
result.js:160:30)
    at 
LazyResult.then (C:\Us
ers\magha\SIIITE\node_
modules\next\node_modu
les\postcss\lib\lazy-r
esult.js:404:17)
    at 
Object.<anonymous> (C:
\Users\magha\SIIITE\no
de_modules\next\dist\b
uild\webpack\loaders\c
ss-loader\src\index.js
??ruleSet[1].rules[14]
.oneOf[10].use[2]!C:\U
sers\magha\SIIITE\node
_modules\next\dist\bui
ld\webpack\loaders\pos
tcss-loader\src\index.
js??ruleSet[1].rules[1
4].oneOf[10].use[3]!C:
\Users\magha\SIIITE\sr
c\app\globals.css:1:7)
    at C:\Users\magha\
SIIITE\node_modules\ne
xt\dist\compiled\webpa
ck\bundle5.js:29:96271
7
    at Hook.eval [as 
call] (eval at create 
(C:\Users\magha\SIIITE
\node_modules\next\dis
t\compiled\webpack\bun
dle5.js:14:9002), 
<anonymous>:7:1)
    at 
Hook.CALL_DELEGATE 
[as _call] (C:\Users\m
agha\SIIITE\node_modul
es\next\dist\compiled\
webpack\bundle5.js:14:
6272)
    at C:\Users\magha\
SIIITE\node_modules\ne
xt\dist\compiled\webpa
ck\bundle5.js:29:13156
5
    at 
tryRunOrWebpackError (
C:\Users\magha\SIIITE\
node_modules\next\dist
\compiled\webpack\bund
le5.js:29:316073)
    at __webpack_requi
re_module__ (C:\Users\
magha\SIIITE\node_modu
les\next\dist\compiled
\webpack\bundle5.js:29
:131532)
    at __nested_webpac
k_require_161494__ (C:
\Users\magha\SIIITE\no
de_modules\next\dist\c
ompiled\webpack\bundle
5.js:29:130967)
    at C:\Users\magha\
SIIITE\node_modules\ne
xt\dist\compiled\webpa
ck\bundle5.js:29:13182
4
    at symbolIterator 
(C:\Users\magha\SIIITE
\node_modules\next\dis
t\compiled\neo-async\a
sync.js:1:14444)

Generated code for C:\
Users\magha\SIIITE\nod
e_modules\next\dist\bu
ild\webpack\loaders\cs
s-loader\src\index.js?
?ruleSet[1].rules[14].
oneOf[10].use[2]!C:\Us
ers\magha\SIIITE\node_
modules\next\dist\buil
d\webpack\loaders\post
css-loader\src\index.j
s??ruleSet[1].rules[14
].oneOf[10].use[3]!C:\
Users\magha\SIIITE\src
\app\globals.css

Import trace for 
requested module:
./src/app/globals.css


> Build failed 
because of webpack 
errors
